[INFO] Scanning for projects...
[INFO] 
[INFO] ---------------------------< com.bsp:delay >----------------------------
[INFO] Building delay-management-system 1.0.0
[INFO]   from pom.xml
[INFO] --------------------------------[ jar ]---------------------------------
[INFO] 
[INFO] --- clean:3.3.2:clean (default-clean) @ delay ---
[INFO] Deleting C:\Users\sanka\Desktop\BSP - Copy\target
[INFO] 
[INFO] --- resources:3.3.1:resources (default-resources) @ delay ---
[INFO] Copying 1 resource from src\main\resources to target\classes
[INFO] Copying 5 resources from src\main\resources to target\classes
[INFO] 
[INFO] --- compiler:3.11.0:compile (default-compile) @ delay ---
[INFO] Changes detected - recompiling the module! :source
[INFO] Compiling 35 source files with javac [debug release 17] to target\classes
[INFO] -------------------------------------------------------------
[ERROR] COMPILATION ERROR : 
[INFO] -------------------------------------------------------------
[ERROR] /C:/Users/sanka/Desktop/BSP - Copy/src/main/java/com/bsp/delay/entity/DelayLog.java:[11,52] cannot find symbol
  symbol:   method columnNames()
  location: @interface jakarta.persistence.Index
[ERROR] /C:/Users/sanka/Desktop/BSP - Copy/src/main/java/com/bsp/delay/entity/DelayType.java:[10,46] cannot find symbol
  symbol:   method columnNames()
  location: @interface jakarta.persistence.Index
[ERROR] /C:/Users/sanka/Desktop/BSP - Copy/src/main/java/com/bsp/delay/entity/ShiftOperationalLog.java:[14,46] cannot find symbol
  symbol:   method columnNames()
  location: @interface jakarta.persistence.Index
[ERROR] /C:/Users/sanka/Desktop/BSP - Copy/src/main/java/com/bsp/delay/entity/DelayLog.java:[11,9] annotation @jakarta.persistence.Index is missing a default value for the element 'columnList'
[ERROR] /C:/Users/sanka/Desktop/BSP - Copy/src/main/java/com/bsp/delay/entity/DelayType.java:[10,9] annotation @jakarta.persistence.Index is missing a default value for the element 'columnList'
[ERROR] /C:/Users/sanka/Desktop/BSP - Copy/src/main/java/com/bsp/delay/entity/ShiftOperationalLog.java:[14,9] annotation @jakarta.persistence.Index is missing a default value for the element 'columnList'
[ERROR] /C:/Users/sanka/Desktop/BSP - Copy/src/main/java/com/bsp/delay/service/impl/ReportServiceImpl.java:[44,35] cannot find symbol
  symbol:   method getAreaId()
  location: variable a of type com.bsp.delay.entity.ShopArea
[ERROR] /C:/Users/sanka/Desktop/BSP - Copy/src/main/java/com/bsp/delay/service/impl/ReportServiceImpl.java:[56,43] invalid method reference
  cannot find symbol
    symbol:   method getDelayTypeId()
    location: class com.bsp.delay.entity.DelayType
[ERROR] /C:/Users/sanka/Desktop/BSP - Copy/src/main/java/com/bsp/delay/service/impl/ReportServiceImpl.java:[60,36] cannot find symbol
  symbol:   method getAreaCode()
  location: variable area of type com.bsp.delay.entity.ShopArea
[ERROR] /C:/Users/sanka/Desktop/BSP - Copy/src/main/java/com/bsp/delay/service/impl/ReportServiceImpl.java:[63,30] cannot find symbol
  symbol:   method builder()
  location: class com.bsp.delay.dto.ReportResponse
[ERROR] /C:/Users/sanka/Desktop/BSP - Copy/src/main/java/com/bsp/delay/service/impl/ReportServiceImpl.java:[66,31] cannot find symbol
  symbol:   method getShopName()
  location: variable shop of type com.bsp.delay.entity.Shop
[ERROR] /C:/Users/sanka/Desktop/BSP - Copy/src/main/java/com/bsp/delay/service/impl/ReportServiceImpl.java:[79,120] cannot find symbol
  symbol:   method getAreaId()
  location: variable area of type com.bsp.delay.entity.ShopArea
[ERROR] /C:/Users/sanka/Desktop/BSP - Copy/src/main/java/com/bsp/delay/service/impl/ReportServiceImpl.java:[81,111] cannot find symbol
  symbol:   method getAreaId()
  location: variable area of type com.bsp.delay.entity.ShopArea
[ERROR] /C:/Users/sanka/Desktop/BSP - Copy/src/main/java/com/bsp/delay/service/impl/ReportServiceImpl.java:[83,43] invalid method reference
  cannot find symbol
    symbol:   method getLogDate()
    location: class com.bsp.delay.entity.ShiftOperationalLog
[ERROR] /C:/Users/sanka/Desktop/BSP - Copy/src/main/java/com/bsp/delay/service/impl/ReportServiceImpl.java:[87,22] invalid method reference
  cannot find symbol
    symbol:   method getOperationalLogId()
    location: class com.bsp.delay.entity.ShiftOperationalLog
[ERROR] /C:/Users/sanka/Desktop/BSP - Copy/src/main/java/com/bsp/delay/service/impl/ReportServiceImpl.java:[94,82] cannot find symbol
  symbol:   method getOperationalLogId()
  location: class com.bsp.delay.entity.ShiftOperationalLog
[ERROR] /C:/Users/sanka/Desktop/BSP - Copy/src/main/java/com/bsp/delay/service/impl/ReportServiceImpl.java:[110,37] cannot find symbol
  symbol:   method getAvailableHours()
  location: variable dayInput of type com.bsp.delay.entity.ShiftOperationalLog
[ERROR] /C:/Users/sanka/Desktop/BSP - Copy/src/main/java/com/bsp/delay/service/impl/ReportServiceImpl.java:[111,40] cannot find symbol
  symbol:   method getProductionTonnage()
  location: variable dayInput of type com.bsp.delay.entity.ShiftOperationalLog
[ERROR] /C:/Users/sanka/Desktop/BSP - Copy/src/main/java/com/bsp/delay/service/impl/ReportServiceImpl.java:[112,38] cannot find symbol
  symbol:   method getRepairHours()
  location: variable dayInput of type com.bsp.delay.entity.ShiftOperationalLog
[ERROR] /C:/Users/sanka/Desktop/BSP - Copy/src/main/java/com/bsp/delay/service/impl/ReportServiceImpl.java:[115,45] cannot find symbol
  symbol:   method getAreaCode()
  location: variable area of type com.bsp.delay.entity.ShopArea
[ERROR] /C:/Users/sanka/Desktop/BSP - Copy/src/main/java/com/bsp/delay/service/impl/ReportServiceImpl.java:[117,52] cannot find symbol
  symbol:   method getAreaCode()
  location: variable area of type com.bsp.delay.entity.ShopArea
[ERROR] /C:/Users/sanka/Desktop/BSP - Copy/src/main/java/com/bsp/delay/service/impl/ReportServiceImpl.java:[137,39] cannot find symbol
  symbol:   method getAvailableHours()
  location: variable input of type com.bsp.delay.entity.ShiftOperationalLog
[ERROR] /C:/Users/sanka/Desktop/BSP - Copy/src/main/java/com/bsp/delay/service/impl/ReportServiceImpl.java:[138,42] cannot find symbol
  symbol:   method getProductionTonnage()
  location: variable input of type com.bsp.delay.entity.ShiftOperationalLog
[ERROR] /C:/Users/sanka/Desktop/BSP - Copy/src/main/java/com/bsp/delay/service/impl/ReportServiceImpl.java:[139,40] cannot find symbol
  symbol:   method getRepairHours()
  location: variable input of type com.bsp.delay.entity.ShiftOperationalLog
[ERROR] /C:/Users/sanka/Desktop/BSP - Copy/src/main/java/com/bsp/delay/service/impl/ReportServiceImpl.java:[143,62] cannot find symbol
  symbol:   method getAreaCode()
  location: variable area of type com.bsp.delay.entity.ShopArea
[ERROR] /C:/Users/sanka/Desktop/BSP - Copy/src/main/java/com/bsp/delay/service/impl/ReportServiceImpl.java:[157,41] cannot find symbol
  symbol:   method builder()
  location: class com.bsp.delay.dto.ReportResponse.AreaReport
[ERROR] /C:/Users/sanka/Desktop/BSP - Copy/src/main/java/com/bsp/delay/service/impl/ReportServiceImpl.java:[158,29] cannot find symbol
  symbol:   method getAreaId()
  location: variable area of type com.bsp.delay.entity.ShopArea
[ERROR] /C:/Users/sanka/Desktop/BSP - Copy/src/main/java/com/bsp/delay/service/impl/ReportServiceImpl.java:[159,31] cannot find symbol
  symbol:   method getAreaName()
  location: variable area of type com.bsp.delay.entity.ShopArea
[ERROR] /C:/Users/sanka/Desktop/BSP - Copy/src/main/java/com/bsp/delay/service/impl/ReportServiceImpl.java:[160,31] cannot find symbol
  symbol:   method getAreaCode()
  location: variable area of type com.bsp.delay.entity.ShopArea
[ERROR] /C:/Users/sanka/Desktop/BSP - Copy/src/main/java/com/bsp/delay/service/impl/ReportServiceImpl.java:[175,50] cannot find symbol
  symbol:   method getDelayTypeId()
  location: variable log of type com.bsp.delay.entity.DelayLog
[ERROR] /C:/Users/sanka/Desktop/BSP - Copy/src/main/java/com/bsp/delay/service/impl/ReportServiceImpl.java:[177,38] cannot find symbol
  symbol:   method getDelayHours()
  location: variable log of type com.bsp.delay.entity.DelayLog
[ERROR] /C:/Users/sanka/Desktop/BSP - Copy/src/main/java/com/bsp/delay/service/impl/ReportServiceImpl.java:[177,61] cannot find symbol
  symbol:   method getDelayMinutes()
  location: variable log of type com.bsp.delay.entity.DelayLog
[ERROR] /C:/Users/sanka/Desktop/BSP - Copy/src/main/java/com/bsp/delay/service/impl/ReportServiceImpl.java:[178,35] cannot find symbol
  symbol:   method getTypeCode()
  location: variable type of type com.bsp.delay.entity.DelayType
[ERROR] /C:/Users/sanka/Desktop/BSP - Copy/src/main/java/com/bsp/delay/service/impl/ReportServiceImpl.java:[238,38] cannot find symbol
  symbol:   method builder()
  location: class com.bsp.delay.dto.ReportResponse.Metrics
[ERROR] /C:/Users/sanka/Desktop/BSP - Copy/src/main/java/com/bsp/delay/dto/ApiResponse.java:[18,27] cannot find symbol
  symbol:   method <T>builder()
  location: class com.bsp.delay.dto.ApiResponse
[ERROR] /C:/Users/sanka/Desktop/BSP - Copy/src/main/java/com/bsp/delay/dto/ApiResponse.java:[31,27] cannot find symbol
  symbol:   method <T>builder()
  location: class com.bsp.delay.dto.ApiResponse
[ERROR] /C:/Users/sanka/Desktop/BSP - Copy/src/main/java/com/bsp/delay/config/DatabaseInitializer.java:[33,29] cannot find symbol
  symbol:   method builder()
  location: class com.bsp.delay.entity.Shop
[ERROR] /C:/Users/sanka/Desktop/BSP - Copy/src/main/java/com/bsp/delay/config/DatabaseInitializer.java:[39,54] cannot find symbol
  symbol:   method getShopName()
  location: variable shop of type com.bsp.delay.entity.Shop
[ERROR] /C:/Users/sanka/Desktop/BSP - Copy/src/main/java/com/bsp/delay/config/DatabaseInitializer.java:[44,37] cannot find symbol
  symbol:   method builder()
  location: class com.bsp.delay.entity.ShopArea
[ERROR] /C:/Users/sanka/Desktop/BSP - Copy/src/main/java/com/bsp/delay/config/DatabaseInitializer.java:[51,37] cannot find symbol
  symbol:   method builder()
  location: class com.bsp.delay.entity.ShopArea
[ERROR] /C:/Users/sanka/Desktop/BSP - Copy/src/main/java/com/bsp/delay/config/DatabaseInitializer.java:[65,26] cannot find symbol
  symbol:   method builder()
  location: class com.bsp.delay.entity.DelayType
[ERROR] /C:/Users/sanka/Desktop/BSP - Copy/src/main/java/com/bsp/delay/config/DatabaseInitializer.java:[66,26] cannot find symbol
  symbol:   method builder()
  location: class com.bsp.delay.entity.DelayType
[ERROR] /C:/Users/sanka/Desktop/BSP - Copy/src/main/java/com/bsp/delay/config/DatabaseInitializer.java:[67,26] cannot find symbol
  symbol:   method builder()
  location: class com.bsp.delay.entity.DelayType
[ERROR] /C:/Users/sanka/Desktop/BSP - Copy/src/main/java/com/bsp/delay/config/DatabaseInitializer.java:[68,26] cannot find symbol
  symbol:   method builder()
  location: class com.bsp.delay.entity.DelayType
[ERROR] /C:/Users/sanka/Desktop/BSP - Copy/src/main/java/com/bsp/delay/config/DatabaseInitializer.java:[69,26] cannot find symbol
  symbol:   method builder()
  location: class com.bsp.delay.entity.DelayType
[ERROR] /C:/Users/sanka/Desktop/BSP - Copy/src/main/java/com/bsp/delay/config/DatabaseInitializer.java:[70,26] cannot find symbol
  symbol:   method builder()
  location: class com.bsp.delay.entity.DelayType
[ERROR] /C:/Users/sanka/Desktop/BSP - Copy/src/main/java/com/bsp/delay/config/DatabaseInitializer.java:[71,26] cannot find symbol
  symbol:   method builder()
  location: class com.bsp.delay.entity.DelayType
[ERROR] /C:/Users/sanka/Desktop/BSP - Copy/src/main/java/com/bsp/delay/config/DatabaseInitializer.java:[72,26] cannot find symbol
  symbol:   method builder()
  location: class com.bsp.delay.entity.DelayType
[ERROR] /C:/Users/sanka/Desktop/BSP - Copy/src/main/java/com/bsp/delay/config/DatabaseInitializer.java:[73,26] cannot find symbol
  symbol:   method builder()
  location: class com.bsp.delay.entity.DelayType
[ERROR] /C:/Users/sanka/Desktop/BSP - Copy/src/main/java/com/bsp/delay/service/impl/DelayLogServiceImpl.java:[43,60] cannot find symbol
  symbol:   method getAreaId()
  location: variable request of type com.bsp.delay.dto.DelayLogRequest
[ERROR] /C:/Users/sanka/Desktop/BSP - Copy/src/main/java/com/bsp/delay/service/impl/DelayLogServiceImpl.java:[44,106] cannot find symbol
  symbol:   method getAreaId()
  location: variable request of type com.bsp.delay.dto.DelayLogRequest
[ERROR] /C:/Users/sanka/Desktop/BSP - Copy/src/main/java/com/bsp/delay/service/impl/DelayLogServiceImpl.java:[45,62] cannot find symbol
  symbol:   method getDelayTypeId()
  location: variable request of type com.bsp.delay.dto.DelayLogRequest
[ERROR] /C:/Users/sanka/Desktop/BSP - Copy/src/main/java/com/bsp/delay/service/impl/DelayLogServiceImpl.java:[46,107] cannot find symbol
  symbol:   method getDelayTypeId()
  location: variable request of type com.bsp.delay.dto.DelayLogRequest
[ERROR] /C:/Users/sanka/Desktop/BSP - Copy/src/main/java/com/bsp/delay/service/impl/DelayLogServiceImpl.java:[51,58] cannot find symbol
  symbol:   method getAreaId()
  location: variable request of type com.bsp.delay.dto.DelayLogRequest
[ERROR] /C:/Users/sanka/Desktop/BSP - Copy/src/main/java/com/bsp/delay/service/impl/DelayLogServiceImpl.java:[51,79] cannot find symbol
  symbol:   method getLogDate()
  location: variable request of type com.bsp.delay.dto.DelayLogRequest
[ERROR] /C:/Users/sanka/Desktop/BSP - Copy/src/main/java/com/bsp/delay/service/impl/DelayLogServiceImpl.java:[54,32] cannot find symbol
  symbol:   method builder()
  location: class com.bsp.delay.entity.DelayLog
[ERROR] /C:/Users/sanka/Desktop/BSP - Copy/src/main/java/com/bsp/delay/service/impl/DelayLogServiceImpl.java:[55,40] cannot find symbol
  symbol:   method getOperationalLogId()
  location: variable opLog of type com.bsp.delay.entity.ShiftOperationalLog
[ERROR] /C:/Users/sanka/Desktop/BSP - Copy/src/main/java/com/bsp/delay/service/impl/DelayLogServiceImpl.java:[56,37] cannot find symbol
  symbol:   method getDelayTypeId()
  location: variable request of type com.bsp.delay.dto.DelayLogRequest
[ERROR] /C:/Users/sanka/Desktop/BSP - Copy/src/main/java/com/bsp/delay/service/impl/DelayLogServiceImpl.java:[57,36] cannot find symbol
  symbol:   method getDelayHours()
  location: variable request of type com.bsp.delay.dto.DelayLogRequest
[ERROR] /C:/Users/sanka/Desktop/BSP - Copy/src/main/java/com/bsp/delay/service/impl/DelayLogServiceImpl.java:[58,38] cannot find symbol
  symbol:   method getDelayMinutes()
  location: variable request of type com.bsp.delay.dto.DelayLogRequest
[ERROR] /C:/Users/sanka/Desktop/BSP - Copy/src/main/java/com/bsp/delay/service/impl/DelayLogServiceImpl.java:[59,33] cannot find symbol
  symbol:   method getRemarks()
  location: variable request of type com.bsp.delay.dto.DelayLogRequest
[ERROR] /C:/Users/sanka/Desktop/BSP - Copy/src/main/java/com/bsp/delay/service/impl/DelayLogServiceImpl.java:[63,44] cannot find symbol
  symbol:   method getAreaName()
  location: variable area of type com.bsp.delay.entity.ShopArea
[ERROR] /C:/Users/sanka/Desktop/BSP - Copy/src/main/java/com/bsp/delay/service/impl/DelayLogServiceImpl.java:[63,64] cannot find symbol
  symbol:   method getTypeName()
  location: variable type of type com.bsp.delay.entity.DelayType
[ERROR] /C:/Users/sanka/Desktop/BSP - Copy/src/main/java/com/bsp/delay/service/impl/DelayLogServiceImpl.java:[63,84] cannot find symbol
  symbol:   method getDelayGroup()
  location: variable type of type com.bsp.delay.entity.DelayType
[ERROR] /C:/Users/sanka/Desktop/BSP - Copy/src/main/java/com/bsp/delay/service/impl/DelayLogServiceImpl.java:[63,109] cannot find symbol
  symbol:   method getLogDate()
  location: variable request of type com.bsp.delay.dto.DelayLogRequest
[ERROR] /C:/Users/sanka/Desktop/BSP - Copy/src/main/java/com/bsp/delay/service/impl/DelayLogServiceImpl.java:[63,131] cannot find symbol
  symbol:   method getAreaId()
  location: variable request of type com.bsp.delay.dto.DelayLogRequest
[ERROR] /C:/Users/sanka/Desktop/BSP - Copy/src/main/java/com/bsp/delay/service/impl/DelayLogServiceImpl.java:[76,90] cannot find symbol
  symbol:   method getOperationalLogId()
  location: variable opLog of type com.bsp.delay.entity.ShiftOperationalLog
[ERROR] /C:/Users/sanka/Desktop/BSP - Copy/src/main/java/com/bsp/delay/service/impl/DelayLogServiceImpl.java:[78,74] cannot find symbol
  symbol:   method getDelayTypeId()
  location: variable log of type com.bsp.delay.entity.DelayLog
[ERROR] /C:/Users/sanka/Desktop/BSP - Copy/src/main/java/com/bsp/delay/service/impl/DelayLogServiceImpl.java:[79,119] cannot find symbol
  symbol:   method getDelayTypeId()
  location: variable log of type com.bsp.delay.entity.DelayLog
[ERROR] /C:/Users/sanka/Desktop/BSP - Copy/src/main/java/com/bsp/delay/service/impl/DelayLogServiceImpl.java:[80,55] cannot find symbol
  symbol:   method getAreaName()
  location: variable area of type com.bsp.delay.entity.ShopArea
[ERROR] /C:/Users/sanka/Desktop/BSP - Copy/src/main/java/com/bsp/delay/service/impl/DelayLogServiceImpl.java:[80,75] cannot find symbol
  symbol:   method getTypeName()
  location: variable type of type com.bsp.delay.entity.DelayType
[ERROR] /C:/Users/sanka/Desktop/BSP - Copy/src/main/java/com/bsp/delay/service/impl/DelayLogServiceImpl.java:[80,95] cannot find symbol
  symbol:   method getDelayGroup()
  location: variable type of type com.bsp.delay.entity.DelayType
[ERROR] /C:/Users/sanka/Desktop/BSP - Copy/src/main/java/com/bsp/delay/service/impl/DelayLogServiceImpl.java:[83,27] incompatible types: java.util.List<java.lang.Object> cannot be converted to java.util.List<com.bsp.delay.dto.DelayLogResponse>
[ERROR] /C:/Users/sanka/Desktop/BSP - Copy/src/main/java/com/bsp/delay/service/impl/DelayLogServiceImpl.java:[95,66] cannot find symbol
  symbol:   method getDelayHours()
  location: variable log of type com.bsp.delay.entity.DelayLog
[ERROR] /C:/Users/sanka/Desktop/BSP - Copy/src/main/java/com/bsp/delay/service/impl/DelayLogServiceImpl.java:[95,87] cannot find symbol
  symbol:   method getDelayMinutes()
  location: variable log of type com.bsp.delay.entity.DelayLog
[ERROR] /C:/Users/sanka/Desktop/BSP - Copy/src/main/java/com/bsp/delay/service/impl/DelayLogServiceImpl.java:[96,32] cannot find symbol
  symbol:   method builder()
  location: class com.bsp.delay.dto.DelayLogResponse
[ERROR] /C:/Users/sanka/Desktop/BSP - Copy/src/main/java/com/bsp/delay/service/impl/DelayLogServiceImpl.java:[97,27] cannot find symbol
  symbol:   method getDelayLogId()
  location: variable log of type com.bsp.delay.entity.DelayLog
[ERROR] /C:/Users/sanka/Desktop/BSP - Copy/src/main/java/com/bsp/delay/service/impl/DelayLogServiceImpl.java:[100,33] cannot find symbol
  symbol:   method getDelayTypeId()
  location: variable log of type com.bsp.delay.entity.DelayLog
[ERROR] /C:/Users/sanka/Desktop/BSP - Copy/src/main/java/com/bsp/delay/service/impl/DelayLogServiceImpl.java:[104,32] cannot find symbol
  symbol:   method getDelayHours()
  location: variable log of type com.bsp.delay.entity.DelayLog
[ERROR] /C:/Users/sanka/Desktop/BSP - Copy/src/main/java/com/bsp/delay/service/impl/DelayLogServiceImpl.java:[105,34] cannot find symbol
  symbol:   method getDelayMinutes()
  location: variable log of type com.bsp.delay.entity.DelayLog
[ERROR] /C:/Users/sanka/Desktop/BSP - Copy/src/main/java/com/bsp/delay/service/impl/DelayLogServiceImpl.java:[106,29] cannot find symbol
  symbol:   method getRemarks()
  location: variable log of type com.bsp.delay.entity.DelayLog
[ERROR] /C:/Users/sanka/Desktop/BSP - Copy/src/main/java/com/bsp/delay/controller/OperationalInputController.java:[39,71] cannot find symbol
  symbol:   method builder()
  location: class com.bsp.delay.entity.ShiftOperationalLog
[ERROR] /C:/Users/sanka/Desktop/BSP - Copy/src/main/java/com/bsp/delay/exception/GlobalExceptionHandler.java:[39,64] cannot find symbol
  symbol:   method <java.util.Map<java.lang.String,java.lang.String>>builder()
  location: class com.bsp.delay.dto.ApiResponse
[ERROR] /C:/Users/sanka/Desktop/BSP - Copy/src/main/java/com/bsp/delay/service/impl/OperationalInputServiceImpl.java:[31,60] cannot find symbol
  symbol:   method getAreaId()
  location: variable request of type com.bsp.delay.dto.AreaInputRequest
[ERROR] /C:/Users/sanka/Desktop/BSP - Copy/src/main/java/com/bsp/delay/service/impl/OperationalInputServiceImpl.java:[32,106] cannot find symbol
  symbol:   method getAreaId()
  location: variable request of type com.bsp.delay.dto.AreaInputRequest
[ERROR] /C:/Users/sanka/Desktop/BSP - Copy/src/main/java/com/bsp/delay/service/impl/OperationalInputServiceImpl.java:[34,31] cannot find symbol
  symbol:   method getShiftId()
  location: variable request of type com.bsp.delay.dto.AreaInputRequest
[ERROR] /C:/Users/sanka/Desktop/BSP - Copy/src/main/java/com/bsp/delay/service/impl/OperationalInputServiceImpl.java:[34,62] cannot find symbol
  symbol:   method getShiftId()
  location: variable request of type com.bsp.delay.dto.AreaInputRequest
[ERROR] /C:/Users/sanka/Desktop/BSP - Copy/src/main/java/com/bsp/delay/service/impl/OperationalInputServiceImpl.java:[37,58] cannot find symbol
  symbol:   method getAreaId()
  location: variable request of type com.bsp.delay.dto.AreaInputRequest
[ERROR] /C:/Users/sanka/Desktop/BSP - Copy/src/main/java/com/bsp/delay/service/impl/OperationalInputServiceImpl.java:[37,79] cannot find symbol
  symbol:   method getLogDate()
  location: variable request of type com.bsp.delay.dto.AreaInputRequest
[ERROR] /C:/Users/sanka/Desktop/BSP - Copy/src/main/java/com/bsp/delay/service/impl/OperationalInputServiceImpl.java:[42,42] cannot find symbol
  symbol:   method getAvailableHours()
  location: variable request of type com.bsp.delay.dto.AreaInputRequest
[ERROR] /C:/Users/sanka/Desktop/BSP - Copy/src/main/java/com/bsp/delay/service/impl/OperationalInputServiceImpl.java:[43,39] cannot find symbol
  symbol:   method getRepairHours()
  location: variable request of type com.bsp.delay.dto.AreaInputRequest
[ERROR] /C:/Users/sanka/Desktop/BSP - Copy/src/main/java/com/bsp/delay/service/impl/OperationalInputServiceImpl.java:[44,45] cannot find symbol
  symbol:   method getProductionTonnage()
  location: variable request of type com.bsp.delay.dto.AreaInputRequest
[ERROR] /C:/Users/sanka/Desktop/BSP - Copy/src/main/java/com/bsp/delay/service/impl/OperationalInputServiceImpl.java:[46,38] cannot find symbol
  symbol:   method builder()
  location: class com.bsp.delay.entity.ShiftOperationalLog
[ERROR] /C:/Users/sanka/Desktop/BSP - Copy/src/main/java/com/bsp/delay/service/impl/OperationalInputServiceImpl.java:[47,36] cannot find symbol
  symbol:   method getAreaId()
  location: variable request of type com.bsp.delay.dto.AreaInputRequest
[ERROR] /C:/Users/sanka/Desktop/BSP - Copy/src/main/java/com/bsp/delay/service/impl/OperationalInputServiceImpl.java:[48,37] cannot find symbol
  symbol:   method getLogDate()
  location: variable request of type com.bsp.delay.dto.AreaInputRequest
[ERROR] /C:/Users/sanka/Desktop/BSP - Copy/src/main/java/com/bsp/delay/service/impl/OperationalInputServiceImpl.java:[50,44] cannot find symbol
  symbol:   method getAvailableHours()
  location: variable request of type com.bsp.delay.dto.AreaInputRequest
[ERROR] /C:/Users/sanka/Desktop/BSP - Copy/src/main/java/com/bsp/delay/service/impl/OperationalInputServiceImpl.java:[51,41] cannot find symbol
  symbol:   method getRepairHours()
  location: variable request of type com.bsp.delay.dto.AreaInputRequest
[ERROR] /C:/Users/sanka/Desktop/BSP - Copy/src/main/java/com/bsp/delay/service/impl/OperationalInputServiceImpl.java:[52,47] cannot find symbol
  symbol:   method getProductionTonnage()
  location: variable request of type com.bsp.delay.dto.AreaInputRequest
[INFO] 98 errors 
[INFO] -------------------------------------------------------------
[INFO] ------------------------------------------------------------------------
[INFO] BUILD FAILURE
[INFO] ------------------------------------------------------------------------
[INFO] Total time:  2.388 s
[INFO] Finished at: 2026-06-26T12:16:32+05:30
[INFO] ------------------------------------------------------------------------
[ERROR] Failed to execute goal org.apache.maven.plugins:maven-compiler-plugin:3.11.0:compile (default-compile) on project delay: Compilation failure: Compilation failure: 
[ERROR] /C:/Users/sanka/Desktop/BSP - Copy/src/main/java/com/bsp/delay/entity/DelayLog.java:[11,52] cannot find symbol
[ERROR]   symbol:   method columnNames()
[ERROR]   location: @interface jakarta.persistence.Index
[ERROR] /C:/Users/sanka/Desktop/BSP - Copy/src/main/java/com/bsp/delay/entity/DelayType.java:[10,46] cannot find symbol
[ERROR]   symbol:   method columnNames()
[ERROR]   location: @interface jakarta.persistence.Index
[ERROR] /C:/Users/sanka/Desktop/BSP - Copy/src/main/java/com/bsp/delay/entity/ShiftOperationalLog.java:[14,46] cannot find symbol
[ERROR]   symbol:   method columnNames()
[ERROR]   location: @interface jakarta.persistence.Index
[ERROR] /C:/Users/sanka/Desktop/BSP - Copy/src/main/java/com/bsp/delay/entity/DelayLog.java:[11,9] annotation @jakarta.persistence.Index is missing a default value for the element 'columnList'
[ERROR] /C:/Users/sanka/Desktop/BSP - Copy/src/main/java/com/bsp/delay/entity/DelayType.java:[10,9] annotation @jakarta.persistence.Index is missing a default value for the element 'columnList'
[ERROR] /C:/Users/sanka/Desktop/BSP - Copy/src/main/java/com/bsp/delay/entity/ShiftOperationalLog.java:[14,9] annotation @jakarta.persistence.Index is missing a default value for the element 'columnList'
[ERROR] /C:/Users/sanka/Desktop/BSP - Copy/src/main/java/com/bsp/delay/service/impl/ReportServiceImpl.java:[44,35] cannot find symbol
[ERROR]   symbol:   method getAreaId()
[ERROR]   location: variable a of type com.bsp.delay.entity.ShopArea
[ERROR] /C:/Users/sanka/Desktop/BSP - Copy/src/main/java/com/bsp/delay/service/impl/ReportServiceImpl.java:[56,43] invalid method reference
[ERROR]   cannot find symbol
[ERROR]     symbol:   method getDelayTypeId()
[ERROR]     location: class com.bsp.delay.entity.DelayType
[ERROR] /C:/Users/sanka/Desktop/BSP - Copy/src/main/java/com/bsp/delay/service/impl/ReportServiceImpl.java:[60,36] cannot find symbol
[ERROR]   symbol:   method getAreaCode()
[ERROR]   location: variable area of type com.bsp.delay.entity.ShopArea
[ERROR] /C:/Users/sanka/Desktop/BSP - Copy/src/main/java/com/bsp/delay/service/impl/ReportServiceImpl.java:[63,30] cannot find symbol
[ERROR]   symbol:   method builder()
[ERROR]   location: class com.bsp.delay.dto.ReportResponse
[ERROR] /C:/Users/sanka/Desktop/BSP - Copy/src/main/java/com/bsp/delay/service/impl/ReportServiceImpl.java:[66,31] cannot find symbol
[ERROR]   symbol:   method getShopName()
[ERROR]   location: variable shop of type com.bsp.delay.entity.Shop
[ERROR] /C:/Users/sanka/Desktop/BSP - Copy/src/main/java/com/bsp/delay/service/impl/ReportServiceImpl.java:[79,120] cannot find symbol
[ERROR]   symbol:   method getAreaId()
[ERROR]   location: variable area of type com.bsp.delay.entity.ShopArea
[ERROR] /C:/Users/sanka/Desktop/BSP - Copy/src/main/java/com/bsp/delay/service/impl/ReportServiceImpl.java:[81,111] cannot find symbol
[ERROR]   symbol:   method getAreaId()
[ERROR]   location: variable area of type com.bsp.delay.entity.ShopArea
[ERROR] /C:/Users/sanka/Desktop/BSP - Copy/src/main/java/com/bsp/delay/service/impl/ReportServiceImpl.java:[83,43] invalid method reference
[ERROR]   cannot find symbol
[ERROR]     symbol:   method getLogDate()
[ERROR]     location: class com.bsp.delay.entity.ShiftOperationalLog
[ERROR] /C:/Users/sanka/Desktop/BSP - Copy/src/main/java/com/bsp/delay/service/impl/ReportServiceImpl.java:[87,22] invalid method reference
[ERROR]   cannot find symbol
[ERROR]     symbol:   method getOperationalLogId()
[ERROR]     location: class com.bsp.delay.entity.ShiftOperationalLog
[ERROR] /C:/Users/sanka/Desktop/BSP - Copy/src/main/java/com/bsp/delay/service/impl/ReportServiceImpl.java:[94,82] cannot find symbol
[ERROR]   symbol:   method getOperationalLogId()
[ERROR]   location: class com.bsp.delay.entity.ShiftOperationalLog
[ERROR] /C:/Users/sanka/Desktop/BSP - Copy/src/main/java/com/bsp/delay/service/impl/ReportServiceImpl.java:[110,37] cannot find symbol
[ERROR]   symbol:   method getAvailableHours()
[ERROR]   location: variable dayInput of type com.bsp.delay.entity.ShiftOperationalLog
[ERROR] /C:/Users/sanka/Desktop/BSP - Copy/src/main/java/com/bsp/delay/service/impl/ReportServiceImpl.java:[111,40] cannot find symbol
[ERROR]   symbol:   method getProductionTonnage()
[ERROR]   location: variable dayInput of type com.bsp.delay.entity.ShiftOperationalLog
[ERROR] /C:/Users/sanka/Desktop/BSP - Copy/src/main/java/com/bsp/delay/service/impl/ReportServiceImpl.java:[112,38] cannot find symbol
[ERROR]   symbol:   method getRepairHours()
[ERROR]   location: variable dayInput of type com.bsp.delay.entity.ShiftOperationalLog
[ERROR] /C:/Users/sanka/Desktop/BSP - Copy/src/main/java/com/bsp/delay/service/impl/ReportServiceImpl.java:[115,45] cannot find symbol
[ERROR]   symbol:   method getAreaCode()
[ERROR]   location: variable area of type com.bsp.delay.entity.ShopArea
[ERROR] /C:/Users/sanka/Desktop/BSP - Copy/src/main/java/com/bsp/delay/service/impl/ReportServiceImpl.java:[117,52] cannot find symbol
[ERROR]   symbol:   method getAreaCode()
[ERROR]   location: variable area of type com.bsp.delay.entity.ShopArea
[ERROR] /C:/Users/sanka/Desktop/BSP - Copy/src/main/java/com/bsp/delay/service/impl/ReportServiceImpl.java:[137,39] cannot find symbol
[ERROR]   symbol:   method getAvailableHours()
[ERROR]   location: variable input of type com.bsp.delay.entity.ShiftOperationalLog
[ERROR] /C:/Users/sanka/Desktop/BSP - Copy/src/main/java/com/bsp/delay/service/impl/ReportServiceImpl.java:[138,42] cannot find symbol
[ERROR]   symbol:   method getProductionTonnage()
[ERROR]   location: variable input of type com.bsp.delay.entity.ShiftOperationalLog
[ERROR] /C:/Users/sanka/Desktop/BSP - Copy/src/main/java/com/bsp/delay/service/impl/ReportServiceImpl.java:[139,40] cannot find symbol
[ERROR]   symbol:   method getRepairHours()
[ERROR]   location: variable input of type com.bsp.delay.entity.ShiftOperationalLog
[ERROR] /C:/Users/sanka/Desktop/BSP - Copy/src/main/java/com/bsp/delay/service/impl/ReportServiceImpl.java:[143,62] cannot find symbol
[ERROR]   symbol:   method getAreaCode()
[ERROR]   location: variable area of type com.bsp.delay.entity.ShopArea
[ERROR] /C:/Users/sanka/Desktop/BSP - Copy/src/main/java/com/bsp/delay/service/impl/ReportServiceImpl.java:[157,41] cannot find symbol
[ERROR]   symbol:   method builder()
[ERROR]   location: class com.bsp.delay.dto.ReportResponse.AreaReport
[ERROR] /C:/Users/sanka/Desktop/BSP - Copy/src/main/java/com/bsp/delay/service/impl/ReportServiceImpl.java:[158,29] cannot find symbol
[ERROR]   symbol:   method getAreaId()
[ERROR]   location: variable area of type com.bsp.delay.entity.ShopArea
[ERROR] /C:/Users/sanka/Desktop/BSP - Copy/src/main/java/com/bsp/delay/service/impl/ReportServiceImpl.java:[159,31] cannot find symbol
[ERROR]   symbol:   method getAreaName()
[ERROR]   location: variable area of type com.bsp.delay.entity.ShopArea
[ERROR] /C:/Users/sanka/Desktop/BSP - Copy/src/main/java/com/bsp/delay/service/impl/ReportServiceImpl.java:[160,31] cannot find symbol
[ERROR]   symbol:   method getAreaCode()
[ERROR]   location: variable area of type com.bsp.delay.entity.ShopArea
[ERROR] /C:/Users/sanka/Desktop/BSP - Copy/src/main/java/com/bsp/delay/service/impl/ReportServiceImpl.java:[175,50] cannot find symbol
[ERROR]   symbol:   method getDelayTypeId()
[ERROR]   location: variable log of type com.bsp.delay.entity.DelayLog
[ERROR] /C:/Users/sanka/Desktop/BSP - Copy/src/main/java/com/bsp/delay/service/impl/ReportServiceImpl.java:[177,38] cannot find symbol
[ERROR]   symbol:   method getDelayHours()
[ERROR]   location: variable log of type com.bsp.delay.entity.DelayLog
[ERROR] /C:/Users/sanka/Desktop/BSP - Copy/src/main/java/com/bsp/delay/service/impl/ReportServiceImpl.java:[177,61] cannot find symbol
[ERROR]   symbol:   method getDelayMinutes()
[ERROR]   location: variable log of type com.bsp.delay.entity.DelayLog
[ERROR] /C:/Users/sanka/Desktop/BSP - Copy/src/main/java/com/bsp/delay/service/impl/ReportServiceImpl.java:[178,35] cannot find symbol
[ERROR]   symbol:   method getTypeCode()
[ERROR]   location: variable type of type com.bsp.delay.entity.DelayType
[ERROR] /C:/Users/sanka/Desktop/BSP - Copy/src/main/java/com/bsp/delay/service/impl/ReportServiceImpl.java:[238,38] cannot find symbol
[ERROR]   symbol:   method builder()
[ERROR]   location: class com.bsp.delay.dto.ReportResponse.Metrics
[ERROR] /C:/Users/sanka/Desktop/BSP - Copy/src/main/java/com/bsp/delay/dto/ApiResponse.java:[18,27] cannot find symbol
[ERROR]   symbol:   method <T>builder()
[ERROR]   location: class com.bsp.delay.dto.ApiResponse
[ERROR] /C:/Users/sanka/Desktop/BSP - Copy/src/main/java/com/bsp/delay/dto/ApiResponse.java:[31,27] cannot find symbol
[ERROR]   symbol:   method <T>builder()
[ERROR]   location: class com.bsp.delay.dto.ApiResponse
[ERROR] /C:/Users/sanka/Desktop/BSP - Copy/src/main/java/com/bsp/delay/config/DatabaseInitializer.java:[33,29] cannot find symbol
[ERROR]   symbol:   method builder()
[ERROR]   location: class com.bsp.delay.entity.Shop
[ERROR] /C:/Users/sanka/Desktop/BSP - Copy/src/main/java/com/bsp/delay/config/DatabaseInitializer.java:[39,54] cannot find symbol
[ERROR]   symbol:   method getShopName()
[ERROR]   location: variable shop of type com.bsp.delay.entity.Shop
[ERROR] /C:/Users/sanka/Desktop/BSP - Copy/src/main/java/com/bsp/delay/config/DatabaseInitializer.java:[44,37] cannot find symbol
[ERROR]   symbol:   method builder()
[ERROR]   location: class com.bsp.delay.entity.ShopArea
[ERROR] /C:/Users/sanka/Desktop/BSP - Copy/src/main/java/com/bsp/delay/config/DatabaseInitializer.java:[51,37] cannot find symbol
[ERROR]   symbol:   method builder()
[ERROR]   location: class com.bsp.delay.entity.ShopArea
[ERROR] /C:/Users/sanka/Desktop/BSP - Copy/src/main/java/com/bsp/delay/config/DatabaseInitializer.java:[65,26] cannot find symbol
[ERROR]   symbol:   method builder()
[ERROR]   location: class com.bsp.delay.entity.DelayType
[ERROR] /C:/Users/sanka/Desktop/BSP - Copy/src/main/java/com/bsp/delay/config/DatabaseInitializer.java:[66,26] cannot find symbol
[ERROR]   symbol:   method builder()
[ERROR]   location: class com.bsp.delay.entity.DelayType
[ERROR] /C:/Users/sanka/Desktop/BSP - Copy/src/main/java/com/bsp/delay/config/DatabaseInitializer.java:[67,26] cannot find symbol
[ERROR]   symbol:   method builder()
[ERROR]   location: class com.bsp.delay.entity.DelayType
[ERROR] /C:/Users/sanka/Desktop/BSP - Copy/src/main/java/com/bsp/delay/config/DatabaseInitializer.java:[68,26] cannot find symbol
[ERROR]   symbol:   method builder()
[ERROR]   location: class com.bsp.delay.entity.DelayType
[ERROR] /C:/Users/sanka/Desktop/BSP - Copy/src/main/java/com/bsp/delay/config/DatabaseInitializer.java:[69,26] cannot find symbol
[ERROR]   symbol:   method builder()
[ERROR]   location: class com.bsp.delay.entity.DelayType
[ERROR] /C:/Users/sanka/Desktop/BSP - Copy/src/main/java/com/bsp/delay/config/DatabaseInitializer.java:[70,26] cannot find symbol
[ERROR]   symbol:   method builder()
[ERROR]   location: class com.bsp.delay.entity.DelayType
[ERROR] /C:/Users/sanka/Desktop/BSP - Copy/src/main/java/com/bsp/delay/config/DatabaseInitializer.java:[71,26] cannot find symbol
[ERROR]   symbol:   method builder()
[ERROR]   location: class com.bsp.delay.entity.DelayType
[ERROR] /C:/Users/sanka/Desktop/BSP - Copy/src/main/java/com/bsp/delay/config/DatabaseInitializer.java:[72,26] cannot find symbol
[ERROR]   symbol:   method builder()
[ERROR]   location: class com.bsp.delay.entity.DelayType
[ERROR] /C:/Users/sanka/Desktop/BSP - Copy/src/main/java/com/bsp/delay/config/DatabaseInitializer.java:[73,26] cannot find symbol
[ERROR]   symbol:   method builder()
[ERROR]   location: class com.bsp.delay.entity.DelayType
[ERROR] /C:/Users/sanka/Desktop/BSP - Copy/src/main/java/com/bsp/delay/service/impl/DelayLogServiceImpl.java:[43,60] cannot find symbol
[ERROR]   symbol:   method getAreaId()
[ERROR]   location: variable request of type com.bsp.delay.dto.DelayLogRequest
[ERROR] /C:/Users/sanka/Desktop/BSP - Copy/src/main/java/com/bsp/delay/service/impl/DelayLogServiceImpl.java:[44,106] cannot find symbol
[ERROR]   symbol:   method getAreaId()
[ERROR]   location: variable request of type com.bsp.delay.dto.DelayLogRequest
[ERROR] /C:/Users/sanka/Desktop/BSP - Copy/src/main/java/com/bsp/delay/service/impl/DelayLogServiceImpl.java:[45,62] cannot find symbol
[ERROR]   symbol:   method getDelayTypeId()
[ERROR]   location: variable request of type com.bsp.delay.dto.DelayLogRequest
[ERROR] /C:/Users/sanka/Desktop/BSP - Copy/src/main/java/com/bsp/delay/service/impl/DelayLogServiceImpl.java:[46,107] cannot find symbol
[ERROR]   symbol:   method getDelayTypeId()
[ERROR]   location: variable request of type com.bsp.delay.dto.DelayLogRequest
[ERROR] /C:/Users/sanka/Desktop/BSP - Copy/src/main/java/com/bsp/delay/service/impl/DelayLogServiceImpl.java:[51,58] cannot find symbol
[ERROR]   symbol:   method getAreaId()
[ERROR]   location: variable request of type com.bsp.delay.dto.DelayLogRequest
[ERROR] /C:/Users/sanka/Desktop/BSP - Copy/src/main/java/com/bsp/delay/service/impl/DelayLogServiceImpl.java:[51,79] cannot find symbol
[ERROR]   symbol:   method getLogDate()
[ERROR]   location: variable request of type com.bsp.delay.dto.DelayLogRequest
[ERROR] /C:/Users/sanka/Desktop/BSP - Copy/src/main/java/com/bsp/delay/service/impl/DelayLogServiceImpl.java:[54,32] cannot find symbol
[ERROR]   symbol:   method builder()
[ERROR]   location: class com.bsp.delay.entity.DelayLog
[ERROR] /C:/Users/sanka/Desktop/BSP - Copy/src/main/java/com/bsp/delay/service/impl/DelayLogServiceImpl.java:[55,40] cannot find symbol
[ERROR]   symbol:   method getOperationalLogId()
[ERROR]   location: variable opLog of type com.bsp.delay.entity.ShiftOperationalLog
[ERROR] /C:/Users/sanka/Desktop/BSP - Copy/src/main/java/com/bsp/delay/service/impl/DelayLogServiceImpl.java:[56,37] cannot find symbol
[ERROR]   symbol:   method getDelayTypeId()
[ERROR]   location: variable request of type com.bsp.delay.dto.DelayLogRequest
[ERROR] /C:/Users/sanka/Desktop/BSP - Copy/src/main/java/com/bsp/delay/service/impl/DelayLogServiceImpl.java:[57,36] cannot find symbol
[ERROR]   symbol:   method getDelayHours()
[ERROR]   location: variable request of type com.bsp.delay.dto.DelayLogRequest
[ERROR] /C:/Users/sanka/Desktop/BSP - Copy/src/main/java/com/bsp/delay/service/impl/DelayLogServiceImpl.java:[58,38] cannot find symbol
[ERROR]   symbol:   method getDelayMinutes()
[ERROR]   location: variable request of type com.bsp.delay.dto.DelayLogRequest
[ERROR] /C:/Users/sanka/Desktop/BSP - Copy/src/main/java/com/bsp/delay/service/impl/DelayLogServiceImpl.java:[59,33] cannot find symbol
[ERROR]   symbol:   method getRemarks()
[ERROR]   location: variable request of type com.bsp.delay.dto.DelayLogRequest
[ERROR] /C:/Users/sanka/Desktop/BSP - Copy/src/main/java/com/bsp/delay/service/impl/DelayLogServiceImpl.java:[63,44] cannot find symbol
[ERROR]   symbol:   method getAreaName()
[ERROR]   location: variable area of type com.bsp.delay.entity.ShopArea
[ERROR] /C:/Users/sanka/Desktop/BSP - Copy/src/main/java/com/bsp/delay/service/impl/DelayLogServiceImpl.java:[63,64] cannot find symbol
[ERROR]   symbol:   method getTypeName()
[ERROR]   location: variable type of type com.bsp.delay.entity.DelayType
[ERROR] /C:/Users/sanka/Desktop/BSP - Copy/src/main/java/com/bsp/delay/service/impl/DelayLogServiceImpl.java:[63,84] cannot find symbol
[ERROR]   symbol:   method getDelayGroup()
[ERROR]   location: variable type of type com.bsp.delay.entity.DelayType
[ERROR] /C:/Users/sanka/Desktop/BSP - Copy/src/main/java/com/bsp/delay/service/impl/DelayLogServiceImpl.java:[63,109] cannot find symbol
[ERROR]   symbol:   method getLogDate()
[ERROR]   location: variable request of type com.bsp.delay.dto.DelayLogRequest
[ERROR] /C:/Users/sanka/Desktop/BSP - Copy/src/main/java/com/bsp/delay/service/impl/DelayLogServiceImpl.java:[63,131] cannot find symbol
[ERROR]   symbol:   method getAreaId()
[ERROR]   location: variable request of type com.bsp.delay.dto.DelayLogRequest
[ERROR] /C:/Users/sanka/Desktop/BSP - Copy/src/main/java/com/bsp/delay/service/impl/DelayLogServiceImpl.java:[76,90] cannot find symbol
[ERROR]   symbol:   method getOperationalLogId()
[ERROR]   location: variable opLog of type com.bsp.delay.entity.ShiftOperationalLog
[ERROR] /C:/Users/sanka/Desktop/BSP - Copy/src/main/java/com/bsp/delay/service/impl/DelayLogServiceImpl.java:[78,74] cannot find symbol
[ERROR]   symbol:   method getDelayTypeId()
[ERROR]   location: variable log of type com.bsp.delay.entity.DelayLog
[ERROR] /C:/Users/sanka/Desktop/BSP - Copy/src/main/java/com/bsp/delay/service/impl/DelayLogServiceImpl.java:[79,119] cannot find symbol
[ERROR]   symbol:   method getDelayTypeId()
[ERROR]   location: variable log of type com.bsp.delay.entity.DelayLog
[ERROR] /C:/Users/sanka/Desktop/BSP - Copy/src/main/java/com/bsp/delay/service/impl/DelayLogServiceImpl.java:[80,55] cannot find symbol
[ERROR]   symbol:   method getAreaName()
[ERROR]   location: variable area of type com.bsp.delay.entity.ShopArea
[ERROR] /C:/Users/sanka/Desktop/BSP - Copy/src/main/java/com/bsp/delay/service/impl/DelayLogServiceImpl.java:[80,75] cannot find symbol
[ERROR]   symbol:   method getTypeName()
[ERROR]   location: variable type of type com.bsp.delay.entity.DelayType
[ERROR] /C:/Users/sanka/Desktop/BSP - Copy/src/main/java/com/bsp/delay/service/impl/DelayLogServiceImpl.java:[80,95] cannot find symbol
[ERROR]   symbol:   method getDelayGroup()
[ERROR]   location: variable type of type com.bsp.delay.entity.DelayType
[ERROR] /C:/Users/sanka/Desktop/BSP - Copy/src/main/java/com/bsp/delay/service/impl/DelayLogServiceImpl.java:[83,27] incompatible types: java.util.List<java.lang.Object> cannot be converted to java.util.List<com.bsp.delay.dto.DelayLogResponse>
[ERROR] /C:/Users/sanka/Desktop/BSP - Copy/src/main/java/com/bsp/delay/service/impl/DelayLogServiceImpl.java:[95,66] cannot find symbol
[ERROR]   symbol:   method getDelayHours()
[ERROR]   location: variable log of type com.bsp.delay.entity.DelayLog
[ERROR] /C:/Users/sanka/Desktop/BSP - Copy/src/main/java/com/bsp/delay/service/impl/DelayLogServiceImpl.java:[95,87] cannot find symbol
[ERROR]   symbol:   method getDelayMinutes()
[ERROR]   location: variable log of type com.bsp.delay.entity.DelayLog
[ERROR] /C:/Users/sanka/Desktop/BSP - Copy/src/main/java/com/bsp/delay/service/impl/DelayLogServiceImpl.java:[96,32] cannot find symbol
[ERROR]   symbol:   method builder()
[ERROR]   location: class com.bsp.delay.dto.DelayLogResponse
[ERROR] /C:/Users/sanka/Desktop/BSP - Copy/src/main/java/com/bsp/delay/service/impl/DelayLogServiceImpl.java:[97,27] cannot find symbol
[ERROR]   symbol:   method getDelayLogId()
[ERROR]   location: variable log of type com.bsp.delay.entity.DelayLog
[ERROR] /C:/Users/sanka/Desktop/BSP - Copy/src/main/java/com/bsp/delay/service/impl/DelayLogServiceImpl.java:[100,33] cannot find symbol
[ERROR]   symbol:   method getDelayTypeId()
[ERROR]   location: variable log of type com.bsp.delay.entity.DelayLog
[ERROR] /C:/Users/sanka/Desktop/BSP - Copy/src/main/java/com/bsp/delay/service/impl/DelayLogServiceImpl.java:[104,32] cannot find symbol
[ERROR]   symbol:   method getDelayHours()
[ERROR]   location: variable log of type com.bsp.delay.entity.DelayLog
[ERROR] /C:/Users/sanka/Desktop/BSP - Copy/src/main/java/com/bsp/delay/service/impl/DelayLogServiceImpl.java:[105,34] cannot find symbol
[ERROR]   symbol:   method getDelayMinutes()
[ERROR]   location: variable log of type com.bsp.delay.entity.DelayLog
[ERROR] /C:/Users/sanka/Desktop/BSP - Copy/src/main/java/com/bsp/delay/service/impl/DelayLogServiceImpl.java:[106,29] cannot find symbol
[ERROR]   symbol:   method getRemarks()
[ERROR]   location: variable log of type com.bsp.delay.entity.DelayLog
[ERROR] /C:/Users/sanka/Desktop/BSP - Copy/src/main/java/com/bsp/delay/controller/OperationalInputController.java:[39,71] cannot find symbol
[ERROR]   symbol:   method builder()
[ERROR]   location: class com.bsp.delay.entity.ShiftOperationalLog
[ERROR] /C:/Users/sanka/Desktop/BSP - Copy/src/main/java/com/bsp/delay/exception/GlobalExceptionHandler.java:[39,64] cannot find symbol
[ERROR]   symbol:   method <java.util.Map<java.lang.String,java.lang.String>>builder()
[ERROR]   location: class com.bsp.delay.dto.ApiResponse
[ERROR] /C:/Users/sanka/Desktop/BSP - Copy/src/main/java/com/bsp/delay/service/impl/OperationalInputServiceImpl.java:[31,60] cannot find symbol
[ERROR]   symbol:   method getAreaId()
[ERROR]   location: variable request of type com.bsp.delay.dto.AreaInputRequest
[ERROR] /C:/Users/sanka/Desktop/BSP - Copy/src/main/java/com/bsp/delay/service/impl/OperationalInputServiceImpl.java:[32,106] cannot find symbol
[ERROR]   symbol:   method getAreaId()
[ERROR]   location: variable request of type com.bsp.delay.dto.AreaInputRequest
[ERROR] /C:/Users/sanka/Desktop/BSP - Copy/src/main/java/com/bsp/delay/service/impl/OperationalInputServiceImpl.java:[34,31] cannot find symbol
[ERROR]   symbol:   method getShiftId()
[ERROR]   location: variable request of type com.bsp.delay.dto.AreaInputRequest
[ERROR] /C:/Users/sanka/Desktop/BSP - Copy/src/main/java/com/bsp/delay/service/impl/OperationalInputServiceImpl.java:[34,62] cannot find symbol
[ERROR]   symbol:   method getShiftId()
[ERROR]   location: variable request of type com.bsp.delay.dto.AreaInputRequest
[ERROR] /C:/Users/sanka/Desktop/BSP - Copy/src/main/java/com/bsp/delay/service/impl/OperationalInputServiceImpl.java:[37,58] cannot find symbol
[ERROR]   symbol:   method getAreaId()
[ERROR]   location: variable request of type com.bsp.delay.dto.AreaInputRequest
[ERROR] /C:/Users/sanka/Desktop/BSP - Copy/src/main/java/com/bsp/delay/service/impl/OperationalInputServiceImpl.java:[37,79] cannot find symbol
[ERROR]   symbol:   method getLogDate()
[ERROR]   location: variable request of type com.bsp.delay.dto.AreaInputRequest
[ERROR] /C:/Users/sanka/Desktop/BSP - Copy/src/main/java/com/bsp/delay/service/impl/OperationalInputServiceImpl.java:[42,42] cannot find symbol
[ERROR]   symbol:   method getAvailableHours()
[ERROR]   location: variable request of type com.bsp.delay.dto.AreaInputRequest
[ERROR] /C:/Users/sanka/Desktop/BSP - Copy/src/main/java/com/bsp/delay/service/impl/OperationalInputServiceImpl.java:[43,39] cannot find symbol
[ERROR]   symbol:   method getRepairHours()
[ERROR]   location: variable request of type com.bsp.delay.dto.AreaInputRequest
[ERROR] /C:/Users/sanka/Desktop/BSP - Copy/src/main/java/com/bsp/delay/service/impl/OperationalInputServiceImpl.java:[44,45] cannot find symbol
[ERROR]   symbol:   method getProductionTonnage()
[ERROR]   location: variable request of type com.bsp.delay.dto.AreaInputRequest
[ERROR] /C:/Users/sanka/Desktop/BSP - Copy/src/main/java/com/bsp/delay/service/impl/OperationalInputServiceImpl.java:[46,38] cannot find symbol
[ERROR]   symbol:   method builder()
[ERROR]   location: class com.bsp.delay.entity.ShiftOperationalLog
[ERROR] /C:/Users/sanka/Desktop/BSP - Copy/src/main/java/com/bsp/delay/service/impl/OperationalInputServiceImpl.java:[47,36] cannot find symbol
[ERROR]   symbol:   method getAreaId()
[ERROR]   location: variable request of type com.bsp.delay.dto.AreaInputRequest
[ERROR] /C:/Users/sanka/Desktop/BSP - Copy/src/main/java/com/bsp/delay/service/impl/OperationalInputServiceImpl.java:[48,37] cannot find symbol
[ERROR]   symbol:   method getLogDate()
[ERROR]   location: variable request of type com.bsp.delay.dto.AreaInputRequest
[ERROR] /C:/Users/sanka/Desktop/BSP - Copy/src/main/java/com/bsp/delay/service/impl/OperationalInputServiceImpl.java:[50,44] cannot find symbol
[ERROR]   symbol:   method getAvailableHours()
[ERROR]   location: variable request of type com.bsp.delay.dto.AreaInputRequest
[ERROR] /C:/Users/sanka/Desktop/BSP - Copy/src/main/java/com/bsp/delay/service/impl/OperationalInputServiceImpl.java:[51,41] cannot find symbol
[ERROR]   symbol:   method getRepairHours()
[ERROR]   location: variable request of type com.bsp.delay.dto.AreaInputRequest
[ERROR] /C:/Users/sanka/Desktop/BSP - Copy/src/main/java/com/bsp/delay/service/impl/OperationalInputServiceImpl.java:[52,47] cannot find symbol
[ERROR]   symbol:   method getProductionTonnage()
[ERROR]   location: variable request of type com.bsp.delay.dto.AreaInputRequest
[ERROR] -> [Help 1]
[ERROR] 
[ERROR] To see the full stack trace of the errors, re-run Maven with the -e switch.
[ERROR] Re-run Maven using the -X switch to enable full debug logging.
[ERROR] 
[ERROR] For more information about the errors and possible solutions, please read the following articles:
[ERROR] [Help 1] http://cwiki.apache.org/confluence/display/MAVEN/MojoFailureException
